ddmatch/.git/*
ddmatch/.github/*
ddmatch/composer.lock
ddmatch/composer.json
ddmatch/log.txt
ddmatch/.gitignore
ddmatch/package.json
ddmatch/package-lock.json
ddmatch/vendor/bin/*
ddmatch/vendor/squizlabs/*
ddmatch/vendor/phpcompatibility/*
ddmatch/vendor/dealerdirect/*
ddmatch/vendor/moodlehq/*
ddmatch/vendor/composer/*
ddmatch/vendor/autoload.php
ddmatch/node_modules/*
ddmatch/phpunit.xml
ddmatch/tests/*
ddmatch/release/*
ddmatch/exclude.lst
ddmatch/Gruntfile.js
ddmatch/.stylelintrc
ddmatch/phpmd.xml
